---
source: crates/polygloss-diff/tests/hunks.rs
expression: render(& fd)
---
old lines: 14 (trailing newline: true)
new lines: 15 (trailing newline: true)
additions: 3, deletions: 2
hunk -0..14 +0..15
  equal  -0..2 +0..2
  change -2..3 +2..3
  equal  -3..7 +3..7
  change -7..8 +7..8
  equal  -8..12 +8..12
  change -12..12 +12..13
  equal  -12..14 +13..15
