---
source: crates/polygloss-core/tests/store.rs
expression: schema
---
-- table repos ON repos
CREATE TABLE repos (
  id             INTEGER PRIMARY KEY,
  common_dir     TEXT    NOT NULL UNIQUE,        -- realpath of git common dir
  display_name   TEXT    NOT NULL,               -- basename of main worktree
  object_format  TEXT    NOT NULL CHECK (object_format IN ('sha1','sha256')),
  default_branch TEXT,                           -- cached target of refs/remotes/origin/HEAD
  created_at     INTEGER NOT NULL,
  last_opened_at INTEGER NOT NULL
);

-- table diffs ON diffs
CREATE TABLE diffs (
  id            TEXT    PRIMARY KEY,             -- diff_id, 64 hex chars
  object_format TEXT    NOT NULL,
  base_tree     TEXT    NOT NULL,
  head_tree     TEXT    NOT NULL,
  files_count   INTEGER,                         -- filled after diff-tree
  additions     INTEGER,                         -- filled progressively
  deletions     INTEGER,
  created_at    INTEGER NOT NULL
);

-- table file_changes ON file_changes
CREATE TABLE file_changes (
  diff_id    TEXT    NOT NULL REFERENCES diffs(id) ON DELETE CASCADE,
  idx        INTEGER NOT NULL,                   -- order in diff-tree output
  status     TEXT    NOT NULL CHECK (status IN ('A','M','D','R','T')),
  old_path   TEXT,                               -- NULL for A
  new_path   TEXT,                               -- NULL for D
  old_mode   TEXT,
  new_mode   TEXT,
  old_blob   TEXT    NOT NULL,                   -- all-zero OID when absent
  new_blob   TEXT    NOT NULL,
  similarity INTEGER,                            -- renames only
  kind       TEXT    NOT NULL DEFAULT 'text'
             CHECK (kind IN ('text','binary','symlink','submodule')),
  generated  INTEGER NOT NULL DEFAULT 0,
  additions  INTEGER,                            -- NULL until computed (default algorithm)
  deletions  INTEGER, generated_attr INTEGER
  CHECK (generated_attr IN (0, 1, 2)),
  PRIMARY KEY (diff_id, idx)
);

-- index file_changes_new_path ON file_changes
CREATE INDEX file_changes_new_path ON file_changes(diff_id, new_path);

-- index file_changes_old_path ON file_changes
CREATE INDEX file_changes_old_path ON file_changes(diff_id, old_path);

-- table reviews ON reviews
CREATE TABLE reviews (
  id               TEXT    PRIMARY KEY,          -- UUIDv7
  repo_id          INTEGER NOT NULL REFERENCES repos(id),
  key              TEXT    NOT NULL,             -- §4.2
  kind             TEXT    NOT NULL CHECK (kind IN ('live','compare','commit')),
  label            TEXT,                         -- e.g. 'PR #123'
  base_spec        TEXT,                         -- normalized input refs/revs
  head_spec        TEXT,
  compare_mode     TEXT    CHECK (compare_mode IN ('three-dot','direct')),
  since            TEXT,                         -- live: 'merge-base' | 'HEAD' | commit OID
  worktree_path    TEXT,                         -- live only
  status           TEXT    NOT NULL DEFAULT 'open'
                   CHECK (status IN ('open','changes_requested','commented','approved','rereview_requested')),
  rereview_summary TEXT,
  rereview_at      INTEGER,
  muted            INTEGER NOT NULL DEFAULT 0,
  last_seen_seq    INTEGER NOT NULL DEFAULT 0,   -- human has seen events up to here
  created_at       INTEGER NOT NULL,
  updated_at       INTEGER NOT NULL,             -- last activity
  archived_at      INTEGER,
  UNIQUE (repo_id, key)
);

-- index reviews_recent ON reviews
CREATE INDEX reviews_recent ON reviews(archived_at, updated_at DESC);

-- table iterations ON iterations
CREATE TABLE iterations (
  id           INTEGER PRIMARY KEY,
  review_id    TEXT    NOT NULL REFERENCES reviews(id) ON DELETE CASCADE,
  seq          INTEGER NOT NULL,                 -- 1-based within review
  diff_id      TEXT    NOT NULL REFERENCES diffs(id),
  base_commit  TEXT,                             -- provenance
  head_commit  TEXT,                             -- NULL for live
  base_ref     TEXT,
  head_ref     TEXT,
  snapshot_ref TEXT,                             -- refs/polygloss/snapshots/<tree>
  pinned_by    TEXT    NOT NULL
               CHECK (pinned_by IN ('open','refresh','comment','agent','manual','submit','rereview')),
  created_at   INTEGER NOT NULL,
  UNIQUE (review_id, seq)
);

-- index iterations_diff ON iterations
CREATE INDEX iterations_diff ON iterations(diff_id);

-- table viewed_files ON viewed_files
CREATE TABLE viewed_files (
  path      TEXT    NOT NULL,
  old_blob  TEXT    NOT NULL,
  new_blob  TEXT    NOT NULL,
  review_id TEXT    REFERENCES reviews(id) ON DELETE SET NULL,  -- where marked
  viewed_at INTEGER NOT NULL,
  PRIMARY KEY (path, old_blob, new_blob)
) WITHOUT ROWID;

-- index viewed_files_review ON viewed_files
CREATE INDEX viewed_files_review ON viewed_files(review_id, path);

-- table sessions ON sessions
CREATE TABLE sessions (
  id             TEXT    PRIMARY KEY,            -- CLAUDE_CODE_SESSION_ID or 'pg-<uuidv7>'
  canonical_id   TEXT    REFERENCES sessions(id), -- set when linked after id drift (§16.4)
  client_name    TEXT    NOT NULL,               -- MCP clientInfo.name, e.g. 'claude-code'; 'cli'
  client_version TEXT,
  owner_pid      INTEGER,                        -- agent host process (Provisional, §16.4)
  cwd            TEXT,
  last_woken_seq INTEGER NOT NULL DEFAULT 0,     -- dedupes wake-ups
  first_seen_at  INTEGER NOT NULL,
  last_seen_at   INTEGER NOT NULL
);

-- table review_assignments ON review_assignments
CREATE TABLE review_assignments (
  review_id   TEXT    PRIMARY KEY REFERENCES reviews(id) ON DELETE CASCADE,
  session_id  TEXT    NOT NULL REFERENCES sessions(id),
  assigned_at INTEGER NOT NULL,
  assigned_by TEXT    NOT NULL CHECK (assigned_by IN ('open_diff','human','agent'))
);

-- index review_assignments_session ON review_assignments
CREATE INDEX review_assignments_session ON review_assignments(session_id);

-- table waiters ON waiters
CREATE TABLE waiters (                           -- live `polygloss wait` processes
  session_id  TEXT    PRIMARY KEY REFERENCES sessions(id) ON DELETE CASCADE,
  pid         INTEGER NOT NULL,
  started_at  INTEGER NOT NULL,
  deadline_at INTEGER NOT NULL
);

-- table threads ON threads
CREATE TABLE threads (
  id                  TEXT    PRIMARY KEY,       -- UUIDv7
  review_id           TEXT    REFERENCES reviews(id) ON DELETE CASCADE,
  origin_diff_id      TEXT    NOT NULL REFERENCES diffs(id),
  origin_iteration_id INTEGER REFERENCES iterations(id) ON DELETE SET NULL,
  subject             TEXT    NOT NULL CHECK (subject IN ('line','file','review')),
  kind                TEXT    NOT NULL DEFAULT 'comment' CHECK (kind IN ('comment','note','question')),
  path                TEXT,                      -- line/file subjects
  side                TEXT    CHECK (side IN ('old','new')),
  start_line          INTEGER,                   -- 1-based, inclusive; = line for single lines
  line                INTEGER,
  anchor_blob         TEXT,                      -- blob the line numbers refer to
  anchor_snippet      TEXT,                      -- anchored lines + 3 lines context, for outdated display
  status              TEXT    NOT NULL DEFAULT 'open' CHECK (status IN ('open','resolved')),
  resolved_by_kind    TEXT    CHECK (resolved_by_kind IN ('human','agent')),
  resolved_by_name    TEXT,
  resolved_at         INTEGER,
  created_by_kind     TEXT    NOT NULL CHECK (created_by_kind IN ('human','agent')),
  created_by_name     TEXT    NOT NULL,
  created_at          INTEGER NOT NULL,
  updated_at          INTEGER NOT NULL,
  CHECK (subject <> 'line' OR (path IS NOT NULL AND side IS NOT NULL
                               AND start_line IS NOT NULL AND line IS NOT NULL
                               AND line >= start_line AND anchor_blob IS NOT NULL)),
  CHECK (subject <> 'file' OR path IS NOT NULL),
  CHECK (kind = 'comment' OR created_by_kind = 'agent')
);

-- index threads_review ON threads
CREATE INDEX threads_review ON threads(review_id, status);

-- index threads_origin_diff ON threads
CREATE INDEX threads_origin_diff ON threads(origin_diff_id);

-- table review_submissions ON review_submissions
CREATE TABLE review_submissions (
  id            TEXT    PRIMARY KEY,             -- UUIDv7
  review_id     TEXT    NOT NULL REFERENCES reviews(id) ON DELETE CASCADE,
  iteration_id  INTEGER NOT NULL REFERENCES iterations(id),
  verdict       TEXT    NOT NULL CHECK (verdict IN ('request_changes','comment','approve')),
  summary_md    TEXT    NOT NULL DEFAULT '',
  comment_count INTEGER NOT NULL,                -- drafts published by this submission
  submitted_at  INTEGER NOT NULL
);

-- index review_submissions_review ON review_submissions
CREATE INDEX review_submissions_review ON review_submissions(review_id, submitted_at);

-- table comments ON comments
CREATE TABLE comments (
  id            TEXT    PRIMARY KEY,             -- UUIDv7
  thread_id     TEXT    NOT NULL REFERENCES threads(id) ON DELETE CASCADE,
  author_kind   TEXT    NOT NULL CHECK (author_kind IN ('human','agent')),
  author_name   TEXT    NOT NULL,                -- 'you' or clientInfo.name
  session_id    TEXT    REFERENCES sessions(id),
  body_md       TEXT    NOT NULL,
  submission_id TEXT    REFERENCES review_submissions(id),
  published_at  INTEGER,                         -- NULL = draft (humans only)
  created_at    INTEGER NOT NULL,
  edited_at     INTEGER,
  deleted_at    INTEGER,                         -- soft delete (Provisional)
  CHECK (author_kind = 'human' OR published_at IS NOT NULL)
);

-- index comments_thread ON comments
CREATE INDEX comments_thread ON comments(thread_id, created_at);

-- index comments_drafts ON comments
CREATE INDEX comments_drafts ON comments(thread_id) WHERE published_at IS NULL;

-- table review_drafts ON review_drafts
CREATE TABLE review_drafts (                     -- autosaved Submit dialog
  review_id  TEXT    PRIMARY KEY REFERENCES reviews(id) ON DELETE CASCADE,
  summary_md TEXT    NOT NULL DEFAULT '',
  verdict    TEXT    CHECK (verdict IN ('request_changes','comment','approve')),
  updated_at INTEGER NOT NULL
);

-- table thread_positions ON thread_positions
CREATE TABLE thread_positions (                  -- carry-forward cache (§8.6)
  thread_id      TEXT    NOT NULL REFERENCES threads(id) ON DELETE CASCADE,
  diff_id        TEXT    NOT NULL REFERENCES diffs(id) ON DELETE CASCADE,
  state          TEXT    NOT NULL CHECK (state IN ('exact','moved','outdated','absent')),
  path           TEXT,
  side           TEXT,
  start_line     INTEGER,                        -- mapped range (nearest line when outdated)
  line           INTEGER,
  engine_version INTEGER NOT NULL,               -- recompute when the mapper changes
  PRIMARY KEY (thread_id, diff_id)
) WITHOUT ROWID;

-- table events ON events
CREATE TABLE events (                            -- append-only; no FKs so it outlives rows
  seq        INTEGER PRIMARY KEY AUTOINCREMENT,
  at         INTEGER NOT NULL,
  kind       TEXT    NOT NULL,                   -- see table below
  review_id  TEXT,
  diff_id    TEXT,
  thread_id  TEXT,
  comment_id TEXT,
  actor_kind TEXT    NOT NULL CHECK (actor_kind IN ('human','agent','system')),
  actor_name TEXT,
  session_id TEXT,
  payload    TEXT                                -- JSON
);

-- table sqlite_sequence ON sqlite_sequence
CREATE TABLE sqlite_sequence(name,seq);

-- index events_review ON events
CREATE INDEX events_review ON events(review_id, seq);

-- index events_thread ON events
CREATE INDEX events_thread ON events(thread_id, seq);

-- table view_state ON view_state
CREATE TABLE view_state (                        -- per diff_id (§11.12)
  diff_id    TEXT    PRIMARY KEY REFERENCES diffs(id) ON DELETE CASCADE,
  state_json TEXT    NOT NULL,                   -- versioned JSON, see below
  updated_at INTEGER NOT NULL
);
